      17/       8 :                     	result:
      21/      12 :                     	carries:
      25/      1C :                     	counter1:
      27/      1D :                     	counter2:
      30/      1E :                     	regQ:
      32/      22 :                     	regW:
      34/      2A :                     	regA:
(1)    2/    C000 : 00 00 01 02 04 06       FCB $0, $0, $1, $2, $4, $6, $9, $c, $10, $14, $19, $1e, $24, $2a, $31, $38
(1)    3/    C010 : 40 48 51 5A 64 6E       FCB $40, $48, $51, $5a, $64, $6e, $79, $84, $90, $9c, $a9, $b6, $c4, $d2, $e1, $f0
(1)    4/    C020 : 00 10 21 32 44 56       FCB $0, $10, $21, $32, $44, $56, $69, $7c, $90, $a4, $b9, $ce, $e4, $fa, $11, $28
(1)    5/    C030 : 40 58 71 8A A4 BE       FCB $40, $58, $71, $8a, $a4, $be, $d9, $f4, $10, $2c, $49, $66, $84, $a2, $c1, $e0
(1)    6/    C040 : 00 20 41 62 84 A6       FCB $0, $20, $41, $62, $84, $a6, $c9, $ec, $10, $34, $59, $7e, $a4, $ca, $f1, $18
(1)    7/    C050 : 40 68 91 BA E4 0E       FCB $40, $68, $91, $ba, $e4, $e, $39, $64, $90, $bc, $e9, $16, $44, $72, $a1, $d0
(1)    8/    C060 : 00 30 61 92 C4 F6       FCB $0, $30, $61, $92, $c4, $f6, $29, $5c, $90, $c4, $f9, $2e, $64, $9a, $d1, $8
(1)    9/    C070 : 40 78 B1 EA 24 5E       FCB $40, $78, $b1, $ea, $24, $5e, $99, $d4, $10, $4c, $89, $c6, $4, $42, $81, $c0
(1)   10/    C080 : 00 40 81 C2 04 46       FCB $0, $40, $81, $c2, $4, $46, $89, $cc, $10, $54, $99, $de, $24, $6a, $b1, $f8
(1)   11/    C090 : 40 88 D1 1A 64 AE       FCB $40, $88, $d1, $1a, $64, $ae, $f9, $44, $90, $dc, $29, $76, $c4, $12, $61, $b0
(1)   12/    C0A0 : 00 50 A1 F2 44 96       FCB $0, $50, $a1, $f2, $44, $96, $e9, $3c, $90, $e4, $39, $8e, $e4, $3a, $91, $e8
(1)   13/    C0B0 : 40 98 F1 4A A4 FE       FCB $40, $98, $f1, $4a, $a4, $fe, $59, $b4, $10, $6c, $c9, $26, $84, $e2, $41, $a0
(1)   14/    C0C0 : 00 60 C1 22 84 E6       FCB $0, $60, $c1, $22, $84, $e6, $49, $ac, $10, $74, $d9, $3e, $a4, $a, $71, $d8
(1)   15/    C0D0 : 40 A8 11 7A E4 4E       FCB $40, $a8, $11, $7a, $e4, $4e, $b9, $24, $90, $fc, $69, $d6, $44, $b2, $21, $90
(1)   16/    C0E0 : 00 70 E1 52 C4 36       FCB $0, $70, $e1, $52, $c4, $36, $a9, $1c, $90, $4, $79, $ee, $64, $da, $51, $c8
(1)   17/    C0F0 : 40 B8 31 AA 24 9E       FCB $40, $b8, $31, $aa, $24, $9e, $19, $94, $10, $8c, $9, $86, $4, $82, $1, $80
(1)   18/    C100 : 00 80 01 82 04 86       FCB $0, $80, $1, $82, $4, $86, $9, $8c, $10, $94, $19, $9e, $24, $aa, $31, $b8
(1)   19/    C110 : 40 C8 51 DA 64 EE       FCB $40, $c8, $51, $da, $64, $ee, $79, $4, $90, $1c, $a9, $36, $c4, $52, $e1, $70
(1)   20/    C120 : 00 90 21 B2 44 D6       FCB $0, $90, $21, $b2, $44, $d6, $69, $fc, $90, $24, $b9, $4e, $e4, $7a, $11, $a8
(1)   21/    C130 : 40 D8 71 0A A4 3E       FCB $40, $d8, $71, $a, $a4, $3e, $d9, $74, $10, $ac, $49, $e6, $84, $22, $c1, $60
(1)   22/    C140 : 00 A0 41 E2 84 26       FCB $0, $a0, $41, $e2, $84, $26, $c9, $6c, $10, $b4, $59, $fe, $a4, $4a, $f1, $98
(1)   23/    C150 : 40 E8 91 3A E4 8E       FCB $40, $e8, $91, $3a, $e4, $8e, $39, $e4, $90, $3c, $e9, $96, $44, $f2, $a1, $50
(1)   24/    C160 : 00 B0 61 12 C4 76       FCB $0, $b0, $61, $12, $c4, $76, $29, $dc, $90, $44, $f9, $ae, $64, $1a, $d1, $88
(1)   25/    C170 : 40 F8 B1 6A 24 DE       FCB $40, $f8, $b1, $6a, $24, $de, $99, $54, $10, $cc, $89, $46, $4, $c2, $81, $40
(1)   26/    C180 : 00 C0 81 42 04 C6       FCB $0, $c0, $81, $42, $4, $c6, $89, $4c, $10, $d4, $99, $5e, $24, $ea, $b1, $78
(1)   27/    C190 : 40 08 D1 9A 64 2E       FCB $40, $8, $d1, $9a, $64, $2e, $f9, $c4, $90, $5c, $29, $f6, $c4, $92, $61, $30
(1)   28/    C1A0 : 00 D0 A1 72 44 16       FCB $0, $d0, $a1, $72, $44, $16, $e9, $bc, $90, $64, $39, $e, $e4, $ba, $91, $68
(1)   29/    C1B0 : 40 18 F1 CA A4 7E       FCB $40, $18, $f1, $ca, $a4, $7e, $59, $34, $10, $ec, $c9, $a6, $84, $62, $41, $20
(1)   30/    C1C0 : 00 E0 C1 A2 84 66       FCB $0, $e0, $c1, $a2, $84, $66, $49, $2c, $10, $f4, $d9, $be, $a4, $8a, $71, $58
(1)   31/    C1D0 : 40 28 11 FA E4 CE       FCB $40, $28, $11, $fa, $e4, $ce, $b9, $a4, $90, $7c, $69, $56, $44, $32, $21, $10
(1)   32/    C1E0 : 00 F0 E1 D2 C4 B6       FCB $0, $f0, $e1, $d2, $c4, $b6, $a9, $9c, $90, $84, $79, $6e, $64, $5a, $51, $48
(1)   33/    C1F0 : 40 38 31 2A 24 1E       FCB $40, $38, $31, $2a, $24, $1e, $19, $14, $10, $c, $9, $6, $4, $2, $1
(1)   34/    C1FF : 00                      FCB 0 ;one byte padding
(1)   37/    C200 : 00 00 00 00 00 00       FCB $0, $0, $0, $0, $0, $0, $0, $0, $0, $0, $0, $0, $0, $0, $0, $0
(1)   38/    C210 : 00 00 00 00 00 00       FCB $0, $0, $0, $0, $0, $0, $0, $0, $0, $0, $0, $0, $0, $0, $0, $0
(1)   39/    C220 : 01 01 01 01 01 01       FCB $1, $1, $1, $1, $1, $1, $1, $1, $1, $1, $1, $1, $1, $1, $2, $2
(1)   40/    C230 : 02 02 02 02 02 02       FCB $2, $2, $2, $2, $2, $2, $2, $2, $3, $3, $3, $3, $3, $3, $3, $3
(1)   41/    C240 : 04 04 04 04 04 04       FCB $4, $4, $4, $4, $4, $4, $4, $4, $5, $5, $5, $5, $5, $5, $5, $6
(1)   42/    C250 : 06 06 06 06 06 07       FCB $6, $6, $6, $6, $6, $7, $7, $7, $7, $7, $7, $8, $8, $8, $8, $8
(1)   43/    C260 : 09 09 09 09 09 09       FCB $9, $9, $9, $9, $9, $9, $a, $a, $a, $a, $a, $b, $b, $b, $b, $c
(1)   44/    C270 : 0C 0C 0C 0C 0D 0D       FCB $c, $c, $c, $c, $d, $d, $d, $d, $e, $e, $e, $e, $f, $f, $f, $f
(1)   45/    C280 : 10 10 10 10 11 11       FCB $10, $10, $10, $10, $11, $11, $11, $11, $12, $12, $12, $12, $13, $13, $13, $13
(1)   46/    C290 : 14 14 14 15 15 15       FCB $14, $14, $14, $15, $15, $15, $15, $16, $16, $16, $17, $17, $17, $18, $18, $18
(1)   47/    C2A0 : 19 19 19 19 1A 1A       FCB $19, $19, $19, $19, $1a, $1a, $1a, $1b, $1b, $1b, $1c, $1c, $1c, $1d, $1d, $1d
(1)   48/    C2B0 : 1E 1E 1E 1F 1F 1F       FCB $1e, $1e, $1e, $1f, $1f, $1f, $20, $20, $21, $21, $21, $22, $22, $22, $23, $23
(1)   49/    C2C0 : 24 24 24 25 25 25       FCB $24, $24, $24, $25, $25, $25, $26, $26, $27, $27, $27, $28, $28, $29, $29, $29
(1)   50/    C2D0 : 2A 2A 2B 2B 2B 2C       FCB $2a, $2a, $2b, $2b, $2b, $2c, $2c, $2d, $2d, $2d, $2e, $2e, $2f, $2f, $30, $30
(1)   51/    C2E0 : 31 31 31 32 32 33       FCB $31, $31, $31, $32, $32, $33, $33, $34, $34, $35, $35, $35, $36, $36, $37, $37
(1)   52/    C2F0 : 38 38 39 39 3A 3A       FCB $38, $38, $39, $39, $3a, $3a, $3b, $3b, $3c, $3c, $3d, $3d, $3e, $3e, $3f, $3f
(1)   53/    C300 : 40 40 41 41 42 42       FCB $40, $40, $41, $41, $42, $42, $43, $43, $44, $44, $45, $45, $46, $46, $47, $47
(1)   54/    C310 : 48 48 49 49 4A 4A       FCB $48, $48, $49, $49, $4a, $4a, $4b, $4c, $4c, $4d, $4d, $4e, $4e, $4f, $4f, $50
(1)   55/    C320 : 51 51 52 52 53 53       FCB $51, $51, $52, $52, $53, $53, $54, $54, $55, $56, $56, $57, $57, $58, $59, $59
(1)   56/    C330 : 5A 5A 5B 5C 5C 5D       FCB $5a, $5a, $5b, $5c, $5c, $5d, $5d, $5e, $5f, $5f, $60, $60, $61, $62, $62, $63
(1)   57/    C340 : 64 64 65 65 66 67       FCB $64, $64, $65, $65, $66, $67, $67, $68, $69, $69, $6a, $6a, $6b, $6c, $6c, $6d
(1)   58/    C350 : 6E 6E 6F 70 70 71       FCB $6e, $6e, $6f, $70, $70, $71, $72, $72, $73, $74, $74, $75, $76, $76, $77, $78
(1)   59/    C360 : 79 79 7A 7B 7B 7C       FCB $79, $79, $7a, $7b, $7b, $7c, $7d, $7d, $7e, $7f, $7f, $80, $81, $82, $82, $83
(1)   60/    C370 : 84 84 85 86 87 87       FCB $84, $84, $85, $86, $87, $87, $88, $89, $8a, $8a, $8b, $8c, $8d, $8d, $8e, $8f
(1)   61/    C380 : 90 90 91 92 93 93       FCB $90, $90, $91, $92, $93, $93, $94, $95, $96, $96, $97, $98, $99, $99, $9a, $9b
(1)   62/    C390 : 9C 9D 9D 9E 9F A0       FCB $9c, $9d, $9d, $9e, $9f, $a0, $a0, $a1, $a2, $a3, $a4, $a4, $a5, $a6, $a7, $a8
(1)   63/    C3A0 : A9 A9 AA AB AC AD       FCB $a9, $a9, $aa, $ab, $ac, $ad, $ad, $ae, $af, $b0, $b1, $b2, $b2, $b3, $b4, $b5
(1)   64/    C3B0 : B6 B7 B7 B8 B9 BA       FCB $b6, $b7, $b7, $b8, $b9, $ba, $bb, $bc, $bd, $bd, $be, $bf, $c0, $c1, $c2, $c3
(1)   65/    C3C0 : C4 C4 C5 C6 C7 C8       FCB $c4, $c4, $c5, $c6, $c7, $c8, $c9, $ca, $cb, $cb, $cc, $cd, $ce, $cf, $d0, $d1
(1)   66/    C3D0 : D2 D3 D4 D4 D5 D6       FCB $d2, $d3, $d4, $d4, $d5, $d6, $d7, $d8, $d9, $da, $db, $dc, $dd, $de, $df, $e0
(1)   67/    C3E0 : E1 E1 E2 E3 E4 E5       FCB $e1, $e1, $e2, $e3, $e4, $e5, $e6, $e7, $e8, $e9, $ea, $eb, $ec, $ed, $ee, $ef
(1)   68/    C3F0 : F0 F1 F2 F3 F4 F5       FCB $f0, $f1, $f2, $f3, $f4, $f5, $f6, $f7, $f8, $f9, $fa, $fb, $fc, $fd, $fe
(1)   69/    C3FF : 00                      FCB 0 ;one byte padding
(1)   72/    C400 : 80 01 82 04 86 09       FCB $80, $1, $82, $4, $86, $9, $8c, $10, $94, $19, $9e, $24, $aa, $31, $b8, $40
(1)   73/    C410 : C8 51 DA 64 EE 79       FCB $c8, $51, $da, $64, $ee, $79, $4, $90, $1c, $a9, $36, $c4, $52, $e1, $70, $0
(1)   74/    C420 : 90 21 B2 44 D6 69       FCB $90, $21, $b2, $44, $d6, $69, $fc, $90, $24, $b9, $4e, $e4, $7a, $11, $a8, $40
(1)   75/    C430 : D8 71 0A A4 3E D9       FCB $d8, $71, $a, $a4, $3e, $d9, $74, $10, $ac, $49, $e6, $84, $22, $c1, $60, $0
(1)   76/    C440 : A0 41 E2 84 26 C9       FCB $a0, $41, $e2, $84, $26, $c9, $6c, $10, $b4, $59, $fe, $a4, $4a, $f1, $98, $40
(1)   77/    C450 : E8 91 3A E4 8E 39       FCB $e8, $91, $3a, $e4, $8e, $39, $e4, $90, $3c, $e9, $96, $44, $f2, $a1, $50, $0
(1)   78/    C460 : B0 61 12 C4 76 29       FCB $b0, $61, $12, $c4, $76, $29, $dc, $90, $44, $f9, $ae, $64, $1a, $d1, $88, $40
(1)   79/    C470 : F8 B1 6A 24 DE 99       FCB $f8, $b1, $6a, $24, $de, $99, $54, $10, $cc, $89, $46, $4, $c2, $81, $40, $0
(1)   80/    C480 : C0 81 42 04 C6 89       FCB $c0, $81, $42, $4, $c6, $89, $4c, $10, $d4, $99, $5e, $24, $ea, $b1, $78, $40
(1)   81/    C490 : 08 D1 9A 64 2E F9       FCB $8, $d1, $9a, $64, $2e, $f9, $c4, $90, $5c, $29, $f6, $c4, $92, $61, $30, $0
(1)   82/    C4A0 : D0 A1 72 44 16 E9       FCB $d0, $a1, $72, $44, $16, $e9, $bc, $90, $64, $39, $e, $e4, $ba, $91, $68, $40
(1)   83/    C4B0 : 18 F1 CA A4 7E 59       FCB $18, $f1, $ca, $a4, $7e, $59, $34, $10, $ec, $c9, $a6, $84, $62, $41, $20, $0
(1)   84/    C4C0 : E0 C1 A2 84 66 49       FCB $e0, $c1, $a2, $84, $66, $49, $2c, $10, $f4, $d9, $be, $a4, $8a, $71, $58, $40
(1)   85/    C4D0 : 28 11 FA E4 CE B9       FCB $28, $11, $fa, $e4, $ce, $b9, $a4, $90, $7c, $69, $56, $44, $32, $21, $10, $0
(1)   86/    C4E0 : F0 E1 D2 C4 B6 A9       FCB $f0, $e1, $d2, $c4, $b6, $a9, $9c, $90, $84, $79, $6e, $64, $5a, $51, $48, $40
(1)   87/    C4F0 : 38 31 2A 24 1E 19       FCB $38, $31, $2a, $24, $1e, $19, $14, $10, $c, $9, $6, $4, $2, $1, $0, $0
(1)   88/    C500 : 00 01 02 04 06 09       FCB $0, $1, $2, $4, $6, $9, $c, $10, $14, $19, $1e, $24, $2a, $31, $38, $40
(1)   89/    C510 : 48 51 5A 64 6E 79       FCB $48, $51, $5a, $64, $6e, $79, $84, $90, $9c, $a9, $b6, $c4, $d2, $e1, $f0, $0
(1)   90/    C520 : 10 21 32 44 56 69       FCB $10, $21, $32, $44, $56, $69, $7c, $90, $a4, $b9, $ce, $e4, $fa, $11, $28, $40
(1)   91/    C530 : 58 71 8A A4 BE D9       FCB $58, $71, $8a, $a4, $be, $d9, $f4, $10, $2c, $49, $66, $84, $a2, $c1, $e0, $0
(1)   92/    C540 : 20 41 62 84 A6 C9       FCB $20, $41, $62, $84, $a6, $c9, $ec, $10, $34, $59, $7e, $a4, $ca, $f1, $18, $40
(1)   93/    C550 : 68 91 BA E4 0E 39       FCB $68, $91, $ba, $e4, $e, $39, $64, $90, $bc, $e9, $16, $44, $72, $a1, $d0, $0
(1)   94/    C560 : 30 61 92 C4 F6 29       FCB $30, $61, $92, $c4, $f6, $29, $5c, $90, $c4, $f9, $2e, $64, $9a, $d1, $8, $40
(1)   95/    C570 : 78 B1 EA 24 5E 99       FCB $78, $b1, $ea, $24, $5e, $99, $d4, $10, $4c, $89, $c6, $4, $42, $81, $c0, $0
(1)   96/    C580 : 40 81 C2 04 46 89       FCB $40, $81, $c2, $4, $46, $89, $cc, $10, $54, $99, $de, $24, $6a, $b1, $f8, $40
(1)   97/    C590 : 88 D1 1A 64 AE F9       FCB $88, $d1, $1a, $64, $ae, $f9, $44, $90, $dc, $29, $76, $c4, $12, $61, $b0, $0
(1)   98/    C5A0 : 50 A1 F2 44 96 E9       FCB $50, $a1, $f2, $44, $96, $e9, $3c, $90, $e4, $39, $8e, $e4, $3a, $91, $e8, $40
(1)   99/    C5B0 : 98 F1 4A A4 FE 59       FCB $98, $f1, $4a, $a4, $fe, $59, $b4, $10, $6c, $c9, $26, $84, $e2, $41, $a0, $0
(1)  100/    C5C0 : 60 C1 22 84 E6 49       FCB $60, $c1, $22, $84, $e6, $49, $ac, $10, $74, $d9, $3e, $a4, $a, $71, $d8, $40
(1)  101/    C5D0 : A8 11 7A E4 4E B9       FCB $a8, $11, $7a, $e4, $4e, $b9, $24, $90, $fc, $69, $d6, $44, $b2, $21, $90, $0
(1)  102/    C5E0 : 70 E1 52 C4 36 A9       FCB $70, $e1, $52, $c4, $36, $a9, $1c, $90, $4, $79, $ee, $64, $da, $51, $c8, $40
(1)  103/    C5F0 : B8 31 AA 24 9E 19       FCB $b8, $31, $aa, $24, $9e, $19, $94, $10, $8c, $9, $86, $4, $82, $1, $80
(1)  104/    C5FF : 00                      FCB 0 ;one byte padding
(1)  107/    C600 : 3F 3F 3E 3E 3D 3D       FCB $3f, $3f, $3e, $3e, $3d, $3d, $3c, $3c, $3b, $3b, $3a, $3a, $39, $39, $38, $38
(1)  108/    C610 : 37 37 36 36 35 35       FCB $37, $37, $36, $36, $35, $35, $35, $34, $34, $33, $33, $32, $32, $31, $31, $31
(1)  109/    C620 : 30 30 2F 2F 2E 2E       FCB $30, $30, $2f, $2f, $2e, $2e, $2d, $2d, $2d, $2c, $2c, $2b, $2b, $2b, $2a, $2a
(1)  110/    C630 : 29 29 29 28 28 27       FCB $29, $29, $29, $28, $28, $27, $27, $27, $26, $26, $25, $25, $25, $24, $24, $24
(1)  111/    C640 : 23 23 22 22 22 21       FCB $23, $23, $22, $22, $22, $21, $21, $21, $20, $20, $1f, $1f, $1f, $1e, $1e, $1e
(1)  112/    C650 : 1D 1D 1D 1C 1C 1C       FCB $1d, $1d, $1d, $1c, $1c, $1c, $1b, $1b, $1b, $1a, $1a, $1a, $19, $19, $19, $19
(1)  113/    C660 : 18 18 18 17 17 17       FCB $18, $18, $18, $17, $17, $17, $16, $16, $16, $15, $15, $15, $15, $14, $14, $14
(1)  114/    C670 : 13 13 13 13 12 12       FCB $13, $13, $13, $13, $12, $12, $12, $12, $11, $11, $11, $11, $10, $10, $10, $10
(1)  115/    C680 : 0F 0F 0F 0F 0E 0E       FCB $f, $f, $f, $f, $e, $e, $e, $e, $d, $d, $d, $d, $c, $c, $c, $c
(1)  116/    C690 : 0C 0B 0B 0B 0B 0A       FCB $c, $b, $b, $b, $b, $a, $a, $a, $a, $a, $9, $9, $9, $9, $9, $9
(1)  117/    C6A0 : 08 08 08 08 08 07       FCB $8, $8, $8, $8, $8, $7, $7, $7, $7, $7, $7, $6, $6, $6, $6, $6
(1)  118/    C6B0 : 06 05 05 05 05 05       FCB $6, $5, $5, $5, $5, $5, $5, $5, $4, $4, $4, $4, $4, $4, $4, $4
(1)  119/    C6C0 : 03 03 03 03 03 03       FCB $3, $3, $3, $3, $3, $3, $3, $3, $2, $2, $2, $2, $2, $2, $2, $2
(1)  120/    C6D0 : 02 02 01 01 01 01       FCB $2, $2, $1, $1, $1, $1, $1, $1, $1, $1, $1, $1, $1, $1, $1, $1
(1)  121/    C6E0 : 00 00 00 00 00 00       FCB $0, $0, $0, $0, $0, $0, $0, $0, $0, $0, $0, $0, $0, $0, $0, $0
(1)  122/    C6F0 : 00 00 00 00 00 00       FCB $0, $0, $0, $0, $0, $0, $0, $0, $0, $0, $0, $0, $0, $0, $0, $0
(1)  123/    C700 : 00 00 00 00 00 00       FCB $0, $0, $0, $0, $0, $0, $0, $0, $0, $0, $0, $0, $0, $0, $0, $0
(1)  124/    C710 : 00 00 00 00 00 00       FCB $0, $0, $0, $0, $0, $0, $0, $0, $0, $0, $0, $0, $0, $0, $0, $1
(1)  125/    C720 : 01 01 01 01 01 01       FCB $1, $1, $1, $1, $1, $1, $1, $1, $1, $1, $1, $1, $1, $2, $2, $2
(1)  126/    C730 : 02 02 02 02 02 02       FCB $2, $2, $2, $2, $2, $2, $2, $3, $3, $3, $3, $3, $3, $3, $3, $4
(1)  127/    C740 : 04 04 04 04 04 04       FCB $4, $4, $4, $4, $4, $4, $4, $5, $5, $5, $5, $5, $5, $5, $6, $6
(1)  128/    C750 : 06 06 06 06 07 07       FCB $6, $6, $6, $6, $7, $7, $7, $7, $7, $7, $8, $8, $8, $8, $8, $9
(1)  129/    C760 : 09 09 09 09 09 0A       FCB $9, $9, $9, $9, $9, $a, $a, $a, $a, $a, $b, $b, $b, $b, $c, $c
(1)  130/    C770 : 0C 0C 0C 0D 0D 0D       FCB $c, $c, $c, $d, $d, $d, $d, $e, $e, $e, $e, $f, $f, $f, $f, $10
(1)  131/    C780 : 10 10 10 11 11 11       FCB $10, $10, $10, $11, $11, $11, $11, $12, $12, $12, $12, $13, $13, $13, $13, $14
(1)  132/    C790 : 14 14 15 15 15 15       FCB $14, $14, $15, $15, $15, $15, $16, $16, $16, $17, $17, $17, $18, $18, $18, $19
(1)  133/    C7A0 : 19 19 19 1A 1A 1A       FCB $19, $19, $19, $1a, $1a, $1a, $1b, $1b, $1b, $1c, $1c, $1c, $1d, $1d, $1d, $1e
(1)  134/    C7B0 : 1E 1E 1F 1F 1F 20       FCB $1e, $1e, $1f, $1f, $1f, $20, $20, $21, $21, $21, $22, $22, $22, $23, $23, $24
(1)  135/    C7C0 : 24 24 25 25 25 26       FCB $24, $24, $25, $25, $25, $26, $26, $27, $27, $27, $28, $28, $29, $29, $29, $2a
(1)  136/    C7D0 : 2A 2B 2B 2B 2C 2C       FCB $2a, $2b, $2b, $2b, $2c, $2c, $2d, $2d, $2d, $2e, $2e, $2f, $2f, $30, $30, $31
(1)  137/    C7E0 : 31 31 32 32 33 33       FCB $31, $31, $32, $32, $33, $33, $34, $34, $35, $35, $35, $36, $36, $37, $37, $38
(1)  138/    C7F0 : 38 39 39 3A 3A 3B       FCB $38, $39, $39, $3a, $3a, $3b, $3b, $3c, $3c, $3d, $3d, $3e, $3e, $3f, $3f
(1)  139/    C7FF : 00                      FCB 0 ;one byte padding
      46/    C800 :                     	arg1:
      48/    C800 : 98 BA DC FE         		FCB $98, $BA, $DC, $FE
      49/    C804 :                     	arg2:
      51/    C804 : CD AB 90 78         		FCB $CD, $AB, $90, $78
      53/    C808 :                     	main:
      56/    C808 : A9 C0               		LDA #table_add_lo>>8
      57/    C80A : 85 01               		STA ptr_add_lo+1
      59/    C80C : A9 C2               		LDA #table_add_hi>>8
      60/    C80E : 85 03               		STA ptr_add_hi+1
      62/    C810 : A9 C4               		LDA #table_sub_lo>>8
      63/    C812 : 85 05               		STA ptr_sub_lo+1
      65/    C814 : A9 C6               		LDA #table_sub_hi>>8
      66/    C816 : 85 07               		STA ptr_sub_hi+1
      71/    C818 : A9 17               		LDA #23
      72/    C81A : 85 00               		STA ptr_add_lo
      73/    C81C : 85 02               		STA ptr_add_hi
      74/    C81E : 49 FF               		EOR #$FF
      75/    C820 : 85 04               		STA ptr_sub_lo
      76/    C822 : 85 06               		STA ptr_sub_hi
      78/    C824 : A0 2D               		LDY #45
      79/    C826 : 38                  		SEC
      80/    C827 : B1 00               		LDA (ptr_add_lo),Y
      81/    C829 : F1 04               		SBC (ptr_sub_lo),Y
      82/    C82B : 85 08               		STA result
      83/    C82D : B1 02               		LDA (ptr_add_hi),Y
      84/    C82F : F1 06               		SBC (ptr_sub_hi),Y
      85/    C831 : 85 09               		STA result+1
      96/    C833 : 64 08               		STZ result
      97/    C835 : 64 09               		STZ result+1
      98/    C837 : 64 0A               		STZ result+2
      99/    C839 : 64 0B               		STZ result+3
     100/    C83B : 64 0C               		STZ result+4
     101/    C83D : 64 0D               		STZ result+5
     102/    C83F : 64 0E               		STZ result+6
     103/    C841 : 64 0F               		STZ result+7
     106/    C843 : 64 12               		STZ carries
     107/    C845 : 64 13               		STZ carries+1
     108/    C847 : 64 14               		STZ carries+2
     109/    C849 : 64 15               		STZ carries+3
     110/    C84B : 64 16               		STZ carries+4
     111/    C84D : 64 17               		STZ carries+5
     112/    C84F : 64 18               		STZ carries+6
     113/    C851 : 64 19               		STZ carries+7
     116/    C853 : 64 1C               		STZ counter1
     119/    C855 : 64 11               		STZ result_ptr+1
     120/    C857 : 64 1B               		STZ carry_ptr+1
     122/    C859 :                     		loop1:
     123/    C859 : A6 1C               			LDX counter1		;Which byte of arg1 we are working with
     124/    C85B : BD 00 C8            			LDA arg1,X			
     125/    C85E : 85 00               			STA ptr_add_lo		;Byte of arg1 is low byte of pointer into squares tables
     126/    C860 : 85 02               			STA ptr_add_hi
     127/    C862 : 49 FF               			EOR #$FF			;Invert byte of arg1 for address of low byte into subtraction table
     128/    C864 : 85 04               			STA ptr_sub_lo
     129/    C866 : 85 06               			STA ptr_sub_hi
     131/    C868 : 8A                  			TXA					;Pointer to carries. Better to save carries and propagate at end
     132/    C869 : 18                  			CLC
     133/    C86A : 69 12               			ADC #carries
     134/    C86C : 85 1A               			STA carry_ptr
     136/    C86E : 8A                  			TXA					;Pointer to result. Place in result based on which byte of arg1
     137/    C86F : 18                  			CLC
     138/    C870 : 69 08               			ADC #result
     139/    C872 : 85 10               			STA result_ptr
     141/    C874 : E6 1C               			INC counter1		;Advance to next byte of arg1 for next iteration
     143/    C876 : A2 00               			LDX #0				;Start with 1st byte of arg2
     144/    C878 :                     			loop2:
     145/    C878 : BC 04 C8            				LDY arg2,X			;Use byte of arg2 as index into quarter squares table
     146/    C87B : 38                  				SEC
     147/    C87C : B1 00               				LDA (ptr_add_lo),Y	;((a+b)^2/4
     148/    C87E : F1 04               				SBC (ptr_sub_lo),Y	;subtract ((a-b)^2/4
     150/    C880 : 08                  				PHP					;Save carry for subtraction of high byte
     152/    C881 : 18                  				CLC
     153/    C882 : 72 10               				ADC (result_ptr)	;Add calculated low byte to result
     154/    C884 : 92 10               				STA (result_ptr)
     155/    C886 : E6 10               				INC result_ptr		;Advance result pointer
     157/    C888 : 90 06               				BCC c_skip1			;Save carry and propagate later
     158/    C88A : A9 00               					LDA #0
     159/    C88C : 72 1A               					ADC (carry_ptr)
     160/    C88E : 92 1A               					STA (carry_ptr)
     162/    C890 : E6 1A               				INC carry_ptr		;Advance carry pointer
     164/    C892 : 28                  				PLP					;Restore carry from low byte of quarter squares calculation
     166/    C893 : B1 02               				LDA (ptr_add_hi),Y	;((a+b)^2)/4
     167/    C895 : F1 06               				SBC (ptr_sub_hi),Y	;subtract ((a-b)^2)/4
     169/    C897 : 18                  				CLC
     170/    C898 : 72 10               				ADC (result_ptr)	;Add calculated low byte to result
     171/    C89A : 92 10               				STA (result_ptr)
     173/    C89C : 90 06               				BCC c_skip2			;Save carry and propagate later
     174/    C89E : A9 00               					LDA #0
     175/    C8A0 : 72 1A               					ADC (carry_ptr)
     176/    C8A2 : 92 1A               					STA (carry_ptr)
     179/    C8A4 : E8                  				INX					;Move to next byte of arg2
     180/    C8A5 : E0 04               				CPX #4				;4 bytes
     181/    C8A7 : D0 CF               				BNE loop2
     183/    C8A9 : A5 1C               			LDA counter1			;Move to next byte of arg1
     184/    C8AB : C9 04               			CMP #4					;4 bytes
     185/    C8AD : D0 AA               			BNE loop1
     188/    C8AF : 18                  		CLC
     189/    C8B0 : A2 01               		LDX #1	;First byte never has carry, start with second
     191/    C8B2 : B5 08               			LDA result,X
     192/    C8B4 : 75 11               			ADC carries-1,X
     193/    C8B6 : 95 08               			STA result,X
     194/    C8B8 : E8                  			INX
     195/    C8B9 : E0 08               			CPX #8
     196/    C8BB : D0 F5               			BNE carry_loop
     207/    C8BD : A5 01               		LDA ptr_add_lo+1
     208/    C8BF : 85 05               		STA ptr_sub_lo+1
     209/    C8C1 : A5 03               		LDA ptr_add_hi+1
     210/    C8C3 : 85 07               		STA ptr_sub_hi+1
     213/    C8C5 : 64 08               		STZ result
     214/    C8C7 : 64 09               		STZ result+1
     215/    C8C9 : 64 0A               		STZ result+2
     216/    C8CB : 64 0B               		STZ result+3
     217/    C8CD : 64 0C               		STZ result+4
     218/    C8CF : 64 0D               		STZ result+5
     219/    C8D1 : 64 0E               		STZ result+6
     220/    C8D3 : 64 0F               		STZ result+7
     223/    C8D5 : 64 12               		STZ carries
     224/    C8D7 : 64 13               		STZ carries+1
     225/    C8D9 : 64 14               		STZ carries+2
     226/    C8DB : 64 15               		STZ carries+3
     227/    C8DD : 64 16               		STZ carries+4
     228/    C8DF : 64 17               		STZ carries+5
     229/    C8E1 : 64 18               		STZ carries+6
     230/    C8E3 : 64 19               		STZ carries+7
     233/    C8E5 : 64 1C               		STZ counter1
     236/    C8E7 : 64 11               		STZ result_ptr+1
     237/    C8E9 : 64 1B               		STZ carry_ptr+1
     239/    C8EB :                     		loop1b:
     240/    C8EB : A6 1C               			LDX counter1
     241/    C8ED : BD 00 C8            			LDA arg1,X
     242/    C8F0 : 85 00               			STA ptr_add_lo
     243/    C8F2 : 85 02               			STA ptr_add_hi
     248/    C8F4 : 8A                  			TXA
     249/    C8F5 : 18                  			CLC
     250/    C8F6 : 69 12               			ADC #carries
     251/    C8F8 : 85 1A               			STA carry_ptr
     253/    C8FA : 8A                  			TXA
     254/    C8FB : 18                  			CLC
     255/    C8FC : 69 08               			ADC #result
     256/    C8FE : 85 10               			STA result_ptr
     258/    C900 : E6 1C               			INC counter1
     260/    C902 : A2 00               			LDX #0
     261/    C904 :                     			loop2b:
     263/    C904 : 38                  				SEC
     264/    C905 : BD 04 C8            				LDA arg2,X
     265/    C908 : E5 00               				SBC ptr_add_lo
     266/    C90A : B0 03               				BCS c_skip3
     267/    C90C : 49 FF               					EOR #$FF
     268/    C90E : 1A                  					INC
     270/    C90F : 85 04               				STA ptr_sub_lo
     271/    C911 : 85 06               				STA ptr_sub_hi
     273/    C913 : BC 04 C8            				LDY arg2,X
     274/    C916 : 38                  				SEC
     275/    C917 : B1 00               				LDA (ptr_add_lo),Y
     277/    C919 : F2 04               				SBC (ptr_sub_lo)
     279/    C91B : 08                  				PHP
     281/    C91C : 18                  				CLC
     282/    C91D : 72 10               				ADC (result_ptr)
     283/    C91F : 92 10               				STA (result_ptr)
     284/    C921 : E6 10               				INC result_ptr
     286/    C923 : 90 06               				BCC c_skip1b
     287/    C925 : A9 00               					LDA #0
     288/    C927 : 72 1A               					ADC (carry_ptr)
     289/    C929 : 92 1A               					STA (carry_ptr)
     292/    C92B : E6 1A               				INC carry_ptr
     294/    C92D : 28                  				PLP
     296/    C92E : B1 02               				LDA (ptr_add_hi),Y
     298/    C930 : F2 06               				SBC (ptr_sub_hi)
     300/    C932 : 18                  				CLC
     301/    C933 : 72 10               				ADC (result_ptr)
     302/    C935 : 92 10               				STA (result_ptr)
     304/    C937 : 90 06               				BCC c_skip2b
     305/    C939 : A9 00               					LDA #0
     306/    C93B : 72 1A               					ADC (carry_ptr)
     307/    C93D : 92 1A               					STA (carry_ptr)
     310/    C93F : E8                  				INX
     311/    C940 : E0 04               				CPX #4
     312/    C942 : D0 C0               				BNE loop2b
     314/    C944 : A5 1C               			LDA counter1
     315/    C946 : C9 04               			CMP #4
     316/    C948 : D0 A1               			BNE loop1b
     319/    C94A : 18                  		CLC
     320/    C94B : A2 01               		LDX #1	;First byte never has carry, start with second
     322/    C94D : B5 08               			LDA result,X
     323/    C94F : 75 11               			ADC carries-1,X
     324/    C951 : 95 08               			STA result,X
     325/    C953 : E8                  			INX
     326/    C954 : E0 08               			CPX #8
     327/    C956 : D0 F5               			BNE carry_loopb
     339/    C958 : A9 C4               		LDA #table_sub_lo>>8
     340/    C95A : 85 05               		STA ptr_sub_lo+1
     342/    C95C : A9 C6               		LDA #table_sub_hi>>8
     343/    C95E : 85 07               		STA ptr_sub_hi+1
     346/    C960 : 64 08               		STZ result
     347/    C962 : 64 09               		STZ result+1
     348/    C964 : 64 0A               		STZ result+2
     349/    C966 : 64 0B               		STZ result+3
     350/    C968 : 64 0C               		STZ result+4
     351/    C96A : 64 0D               		STZ result+5
     352/    C96C : 64 0E               		STZ result+6
     353/    C96E : 64 0F               		STZ result+7
     356/    C970 : 64 12               		STZ carries
     357/    C972 : 64 13               		STZ carries+1
     358/    C974 : 64 14               		STZ carries+2
     359/    C976 : 64 15               		STZ carries+3
     360/    C978 : 64 16               		STZ carries+4
     361/    C97A : 64 17               		STZ carries+5
     362/    C97C : 64 18               		STZ carries+6
     363/    C97E : 64 19               		STZ carries+7
     366/    C980 : 64 1C               		STZ counter1
     369/    C982 : 64 11               		STZ result_ptr+1
     370/    C984 : 64 1B               		STZ carry_ptr+1
     372/    C986 :                     		loop1d:
     374/    C986 : A6 1C               			LDX counter1
     375/    C988 : BD 00 C8            			LDA arg1,X
     376/    C98B : 85 00               			STA ptr_add_lo
     377/    C98D : 85 02               			STA ptr_add_hi
     378/    C98F : 49 FF               			EOR #$FF
     379/    C991 : 85 04               			STA ptr_sub_lo
     380/    C993 : 85 06               			STA ptr_sub_hi
     382/    C995 : 8A                  			TXA
     383/    C996 : 0A                  			ASL
     384/    C997 : 18                  			CLC
     385/    C998 : 69 12               			ADC #carries
     386/    C99A : 85 1A               			STA carry_ptr
     388/    C99C : 8A                  			TXA
     389/    C99D : 0A                  			ASL
     390/    C99E : 18                  			CLC
     391/    C99F : 69 08               			ADC #result
     392/    C9A1 : 85 10               			STA result_ptr
     394/    C9A3 : BC 00 C8            			LDY arg1,X 
     395/    C9A6 : B1 00               			LDA (ptr_add_lo),Y
     396/    C9A8 : 18                  			CLC
     397/    C9A9 : 72 10               			ADC (result_ptr)
     398/    C9AB : 92 10               			STA (result_ptr)
     399/    C9AD : E6 10               			INC result_ptr
     401/    C9AF : 90 06               			BCC c_skip3d
     402/    C9B1 : A9 00               				LDA #0
     403/    C9B3 : 72 1A               				ADC (carry_ptr)
     404/    C9B5 : 92 1A               				STA (carry_ptr)
     406/    C9B7 : E6 1A               			INC carry_ptr
     408/    C9B9 : B1 02               			LDA (ptr_add_hi),Y	
     409/    C9BB : 18                  			CLC
     410/    C9BC : 72 10               			ADC (result_ptr)
     411/    C9BE : 92 10               			STA (result_ptr)
     413/    C9C0 : 90 06               			BCC c_skip4d
     414/    C9C2 : A9 00               				LDA #0
     415/    C9C4 : 72 1A               				ADC (carry_ptr)
     416/    C9C6 : 92 1A               				STA (carry_ptr)
     419/    C9C8 : A6 1C               			LDX counter1
     420/    C9CA : E8                  			INX
     421/    C9CB : E0 04               			CPX #4
     422/    C9CD : D0 03               			BNE continue
     423/    C9CF : 4C 20 CA            				JMP process_carries
     424/    C9D2 :                     			continue:
     426/    C9D2 :                     			loop2d:
     428/    C9D2 : BC 00 C8            				LDY arg1,X
     429/    C9D5 : 38                  				SEC
     430/    C9D6 : B1 00               				LDA (ptr_add_lo),Y
     431/    C9D8 : F1 04               				SBC (ptr_sub_lo),Y
     433/    C9DA : 08                  				PHP
     435/    C9DB : 0A                  				ASL
     437/    C9DC : 90 08               				BCC c_skip1d
     438/    C9DE : 48                  					PHA
     439/    C9DF : A9 00               					LDA #0
     440/    C9E1 : 72 1A               					ADC (carry_ptr)
     441/    C9E3 : 92 1A               					STA (carry_ptr)
     442/    C9E5 : 68                  					PLA
     445/    C9E6 : 72 10               				ADC (result_ptr)
     446/    C9E8 : 92 10               				STA (result_ptr)
     448/    C9EA : 90 08               				BCC c_skip1d2
     449/    C9EC : 48                  					PHA
     450/    C9ED : A9 00               					LDA #0
     451/    C9EF : 72 1A               					ADC (carry_ptr)
     452/    C9F1 : 92 1A               					STA (carry_ptr)
     453/    C9F3 : 68                  					PLA
     456/    C9F4 : E6 10               				INC result_ptr
     457/    C9F6 : E6 1A               				INC carry_ptr
     459/    C9F8 : 28                  				PLP
     461/    C9F9 : B1 02               				LDA (ptr_add_hi),Y
     462/    C9FB : F1 06               				SBC (ptr_sub_hi),Y
     464/    C9FD : 0A                  				ASL
     466/    C9FE : 90 08               				BCC c_skip2d1
     467/    CA00 : 48                  					PHA
     468/    CA01 : A9 00               					LDA #0
     469/    CA03 : 72 1A               					ADC (carry_ptr)
     470/    CA05 : 92 1A               					STA (carry_ptr)
     471/    CA07 : 68                  					PLA
     474/    CA08 : 72 10               				ADC (result_ptr)
     475/    CA0A : 92 10               				STA (result_ptr)
     477/    CA0C : 90 08               				BCC c_skip2d2
     478/    CA0E : 48                  					PHA
     479/    CA0F : A9 00               					LDA #0
     480/    CA11 : 72 1A               					ADC (carry_ptr)
     481/    CA13 : 92 1A               					STA (carry_ptr)
     482/    CA15 : 68                  					PLA
     485/    CA16 : E8                  				INX
     486/    CA17 : E0 04               				CPX #4
     487/    CA19 : D0 B7               				BNE loop2d
     489/    CA1B : E6 1C               			INC counter1			
     490/    CA1D : 4C 86 C9            			JMP loop1d
     494/    CA20 : 18                  		CLC
     495/    CA21 : A2 01               		LDX #1	;First byte never has carry, start with second
     497/    CA23 : B5 08               			LDA result,X
     498/    CA25 : 75 11               			ADC carries-1,X
     499/    CA27 : 95 08               			STA result,X
     500/    CA29 : E8                  			INX
     501/    CA2A : E0 08               			CPX #8
     502/    CA2C : D0 F5               			BNE carry_loopd
     513/    CA2E :                     		ex5:
     514/    CA2E : AD 00 C8            			LDA arg1
     515/    CA31 : 85 1E               			STA regQ
     516/    CA33 : AD 01 C8            			LDA arg1+1
     517/    CA36 : 85 1F               			STA regQ+1
     518/    CA38 : AD 02 C8            			LDA arg1+2
     519/    CA3B : 85 20               			STA regQ+2
     520/    CA3D : AD 03 C8            			LDA arg1+3
     521/    CA40 : 85 21               			STA regQ+3
     523/    CA42 : AD 04 C8            			LDA arg2
     524/    CA45 : 85 2A               			STA regA
     525/    CA47 : AD 05 C8            			LDA arg2+1
     526/    CA4A : 85 2B               			STA regA+1
     527/    CA4C : AD 06 C8            			LDA arg2+2
     528/    CA4F : 85 2C               			STA regA+2
     529/    CA51 : AD 07 C8            			LDA arg2+3
     530/    CA54 : 85 2D               			STA regA+3
     532/    CA56 : 64 22               			STZ regW
     533/    CA58 : 64 23               			STZ regW+1
     534/    CA5A : 64 24               			STZ regW+2
     535/    CA5C : 64 25               			STZ regW+3
     536/    CA5E : 64 26               			STZ regW+4
     537/    CA60 : 64 27               			STZ regW+5
     538/    CA62 : 64 28               			STZ regW+6
     540/    CA64 : A9 00               			LDA #0
     542/    CA66 : A2 20               			LDX #32
     544/    CA68 : 46 21               				LSR regQ+3
     545/    CA6A : 66 20               				ROR regQ+2
     546/    CA6C : 66 1F               				ROR regQ+1
     547/    CA6E : 66 1E               				ROR regQ+0
     548/    CA70 : 90 17               				BCC m2
     549/    CA72 : A8                  					TAY
     550/    CA73 : 18                  					CLC
     551/    CA74 : A5 2A               					LDA regA+0
     552/    CA76 : 65 26               					ADC regW+4
     553/    CA78 : 85 26               					STA regW+4
     555/    CA7A : A5 2B               					LDA regA+1
     556/    CA7C : 65 27               					ADC regW+5
     557/    CA7E : 85 27               					STA regW+5
     559/    CA80 : A5 2C               					LDA regA+2
     560/    CA82 : 65 28               					ADC regW+6
     561/    CA84 : 85 28               					STA regW+6
     563/    CA86 : 98                  					TYA
     564/    CA87 : 65 2D               					ADC regA+3
     566/    CA89 :                     				m2:
     567/    CA89 : 6A                  				ROR
     568/    CA8A : 66 28               				ROR regW+6
     569/    CA8C : 66 27               				ROR regW+5
     570/    CA8E : 66 26               				ROR regW+4
     571/    CA90 : 66 25               				ROR regW+3
     572/    CA92 : 66 24               				ROR regW+2
     573/    CA94 : 66 23               				ROR regW+1
     574/    CA96 : 66 22               				ROR regW+0
     576/    CA98 : CA                  			DEX
     577/    CA99 : D0 CD               			BNE ex5_loop
     586/    CA9B : 64 08               		STZ result
     587/    CA9D : 64 09               		STZ result+1
     588/    CA9F : 64 0A               		STZ result+2
     589/    CAA1 : 64 0B               		STZ result+3
     590/    CAA3 : 64 0C               		STZ result+4
     591/    CAA5 : 64 0D               		STZ result+5
     592/    CAA7 : 64 0E               		STZ result+6
     593/    CAA9 : 64 0F               		STZ result+7
     595/    CAAB : 64 1C               		STZ counter1
     598/    CAAD : A6 1C               			LDX counter1
     599/    CAAF : BD 00 C8            			LDA arg1,X
     600/    CAB2 : 85 00               			STA ptr_add_lo
     601/    CAB4 : 85 02               			STA ptr_add_hi
     602/    CAB6 : 49 FF               			EOR #$FF
     603/    CAB8 : 85 04               			STA ptr_sub_lo
     604/    CABA : 85 06               			STA ptr_sub_hi
     606/    CABC : A2 00               			LDX #0
     608/    CABE : BC 04 C8            				LDY arg2,X			;Use byte of arg2 as index into quarter squares table
     609/    CAC1 : 38                  				SEC
     610/    CAC2 : B1 00               				LDA (ptr_add_lo),Y	;((a+b)^2/4
     611/    CAC4 : F1 04               				SBC (ptr_sub_lo),Y	;subtract ((a-b)^2/4
     612/    CAC6 : 95 2E               				STA digits_lo,X
     614/    CAC8 : B1 02               				LDA (ptr_add_hi),Y	;((a+b)^2/4
     615/    CACA : F1 06               				SBC (ptr_sub_hi),Y	;subtract ((a-b)^2/4
     616/    CACC : 95 32               				STA digits_hi,X
     618/    CACE : E8                  				INX
     619/    CACF : E0 04               				CPX #4
     620/    CAD1 : D0 EB               			BNE ex6_loop2
     622/    CAD3 : A5 09               			LDA result+1
     623/    CAD5 : 85 08               			STA result
     624/    CAD7 : A5 0A               			LDA result+2
     625/    CAD9 : 85 09               			STA result+1
     626/    CADB : A5 0B               			LDA result+3
     627/    CADD : 85 0A               			STA result+2
     629/    CADF : 18                  			CLC
     630/    CAE0 : A5 0C               			LDA result+4
     631/    CAE2 : 65 2E               			ADC digits_lo+0
     632/    CAE4 : 85 0B               			STA result+3
     634/    CAE6 : A5 0D               			LDA result+5
     635/    CAE8 : 65 2F               			ADC digits_lo+1
     636/    CAEA : 85 0C               			STA result+4
     638/    CAEC : A5 0E               			LDA result+6
     639/    CAEE : 65 30               			ADC digits_lo+2
     640/    CAF0 : 85 0D               			STA result+5
     642/    CAF2 : A5 0F               			LDA result+7
     643/    CAF4 : 65 31               			ADC digits_lo+3
     644/    CAF6 : 85 0E               			STA result+6
     646/    CAF8 : 08                  			PHP
     648/    CAF9 : 18                  			CLC
     649/    CAFA : A5 0C               			LDA result+4
     650/    CAFC : 65 32               			ADC digits_hi+0
     651/    CAFE : 85 0C               			STA result+4
     653/    CB00 : A5 0D               			LDA result+5
     654/    CB02 : 65 33               			ADC digits_hi+1
     655/    CB04 : 85 0D               			STA result+5
     657/    CB06 : A5 0E               			LDA result+6
     658/    CB08 : 65 34               			ADC digits_hi+2
     659/    CB0A : 85 0E               			STA result+6
     661/    CB0C : A9 00               			LDA #0
     662/    CB0E : 65 35               			ADC digits_hi+3
     663/    CB10 : 28                  			PLP
     664/    CB11 : 69 00               			ADC #0
     665/    CB13 : 85 0F               			STA result+7
     667/    CB15 : E6 1C               		INC counter1
     668/    CB17 : A5 1C               		LDA counter1
     669/    CB19 : C9 04               		CMP #4
     670/    CB1B : F0 03               		BEQ ex6_no_jump
     671/    CB1D : 4C AD CA            		JMP ex6_loop1
     683/    CB20 : 00                  		BRK
     684/    CB21 : 00                  		BRK
     686/    CB22 : 64 08               		STZ result
     687/    CB24 : 64 09               		STZ result+1
     688/    CB26 : 64 0A               		STZ result+2
     689/    CB28 : 64 0B               		STZ result+3
     690/    CB2A : 64 0C               		STZ result+4
     691/    CB2C : 64 0D               		STZ result+5
     692/    CB2E : 64 0E               		STZ result+6
     693/    CB30 : 64 0F               		STZ result+7
     695/    CB32 : 64 1C               		STZ counter1
     698/    CB34 : A6 1C               			LDX counter1
     699/    CB36 : BD 00 C8            			LDA arg1,X
     700/    CB39 : 85 00               			STA ptr_add_lo
     701/    CB3B : 85 02               			STA ptr_add_hi
     702/    CB3D : 49 FF               			EOR #$FF
     703/    CB3F : 85 04               			STA ptr_sub_lo
     704/    CB41 : 85 06               			STA ptr_sub_hi
     706/    CB43 : AC 04 C8            			LDY arg2+0			;Use byte of arg2 as index into quarter squares table
     707/    CB46 : 38                  			SEC
     708/    CB47 : B1 00               			LDA (ptr_add_lo),Y	;((a+b)^2/4
     709/    CB49 : F1 04               			SBC (ptr_sub_lo),Y	;subtract ((a-b)^2/4
     710/    CB4B : 85 2E               			STA digits_lo+0
     712/    CB4D : B1 02               			LDA (ptr_add_hi),Y	;((a+b)^2/4
     713/    CB4F : F1 06               			SBC (ptr_sub_hi),Y	;subtract ((a-b)^2/4
     714/    CB51 : 85 32               			STA digits_hi+0
     716/    CB53 : AC 05 C8            			LDY arg2+1			;Use byte of arg2 as index into quarter squares table
     717/    CB56 : 38                  			SEC
     718/    CB57 : B1 00               			LDA (ptr_add_lo),Y	;((a+b)^2/4
     719/    CB59 : F1 04               			SBC (ptr_sub_lo),Y	;subtract ((a-b)^2/4
     720/    CB5B : 85 2F               			STA digits_lo+1
     722/    CB5D : B1 02               			LDA (ptr_add_hi),Y	;((a+b)^2/4
     723/    CB5F : F1 06               			SBC (ptr_sub_hi),Y	;subtract ((a-b)^2/4
     724/    CB61 : 85 33               			STA digits_hi+1
     726/    CB63 : AC 06 C8            			LDY arg2+2			;Use byte of arg2 as index into quarter squares table
     727/    CB66 : 38                  			SEC
     728/    CB67 : B1 00               			LDA (ptr_add_lo),Y	;((a+b)^2/4
     729/    CB69 : F1 04               			SBC (ptr_sub_lo),Y	;subtract ((a-b)^2/4
     730/    CB6B : 85 30               			STA digits_lo+2
     732/    CB6D : B1 02               			LDA (ptr_add_hi),Y	;((a+b)^2/4
     733/    CB6F : F1 06               			SBC (ptr_sub_hi),Y	;subtract ((a-b)^2/4
     734/    CB71 : 85 34               			STA digits_hi+2
     736/    CB73 : AC 07 C8            			LDY arg2+3			;Use byte of arg2 as index into quarter squares table
     737/    CB76 : 38                  			SEC
     738/    CB77 : B1 00               			LDA (ptr_add_lo),Y	;((a+b)^2/4
     739/    CB79 : F1 04               			SBC (ptr_sub_lo),Y	;subtract ((a-b)^2/4
     740/    CB7B : 85 31               			STA digits_lo+3
     742/    CB7D : B1 02               			LDA (ptr_add_hi),Y	;((a+b)^2/4
     743/    CB7F : F1 06               			SBC (ptr_sub_hi),Y	;subtract ((a-b)^2/4
     744/    CB81 : 85 35               			STA digits_hi+3
     746/    CB83 : 18                  			CLC
     747/    CB84 : A5 2F               			LDA digits_lo+1
     748/    CB86 : 65 32               			ADC digits_hi+0
     749/    CB88 : 85 2F               			STA digits_lo+1
     751/    CB8A : A5 30               			LDA digits_lo+2
     752/    CB8C : 65 33               			ADC digits_hi+1
     753/    CB8E : 85 30               			STA digits_lo+2
     755/    CB90 : A5 31               			LDA digits_lo+3
     756/    CB92 : 65 34               			ADC digits_hi+2
     757/    CB94 : 85 31               			STA digits_lo+3
     759/    CB96 : A9 00               			LDA #0
     760/    CB98 : 69 35               			ADC #digits_hi+3
     761/    CB9A : 85 32               			STA digits_lo+4
     763/    CB9C : A5 09               			LDA result+1
     764/    CB9E : 85 08               			STA result
     765/    CBA0 : A5 0A               			LDA result+2
     766/    CBA2 : 85 09               			STA result+1
     767/    CBA4 : A5 0B               			LDA result+3
     768/    CBA6 : 85 0A               			STA result+2
     770/    CBA8 : 18                  			CLC
     771/    CBA9 : A5 0C               			LDA result+4
     772/    CBAB : 65 2E               			ADC digits_lo+0
     773/    CBAD : 85 0B               			STA result+3
     775/    CBAF : A5 0D               			LDA result+5
     776/    CBB1 : 65 2F               			ADC digits_lo+1
     777/    CBB3 : 85 0B               			STA result+3
     779/    CBB5 : A5 0E               			LDA result+6
     780/    CBB7 : 65 30               			ADC digits_lo+2
     781/    CBB9 : 85 0B               			STA result+3
     783/    CBBB : A5 0F               			LDA result+7
     784/    CBBD : 65 31               			ADC digits_lo+3
     785/    CBBF : 85 0E               			STA result+6
     787/    CBC1 : A9 00               			LDA #0
     788/    CBC3 : 65 32               			ADC digits_lo+4
     789/    CBC5 : 85 0F               			STA result+7
     791/    CBC7 : E6 1C               		INC counter1
     792/    CBC9 : A5 1C               		LDA counter1
     793/    CBCB : C9 04               		CMP #4
     794/    CBCD : F0 03               		BEQ ex7_no_jump
     795/    CBCF : 4C 34 CB            		JMP ex7_loop1
     798/    CBD2 : 00                  		BRK
     799/    CBD3 : 00                  		BRK
     801/    CBD4 : 4C D4 CB            		JMP *	
     808/    FFFC : 08 C8               	FDB main
